Running compile benchmarks (demo project)...
Godot Engine v4.6.1.stable.official.14d19694e - https://godotengine.org

[VisualGasic] C++ debug message capture registered (visualgasic + debug)
=== Visual Gasic Compile Benchmarks ===
Metric: median script reload time (microseconds, lower is faster)
Phases: forced VG reload (tokenize + parse); GDScript analyzer + compile
VG bytecode compilation is lazy and is not included in this metric.

=== HelloWorld ===
  lines (approx): vg=4 gd=3
  VisualGasic reload: { "elapsed_us": 39 }
  GDScript reload:    { "elapsed_us": 35 }
  VG vs GDScript: 1.114x

=== BenchCompute ===
  lines (approx): vg=461 gd=302
  VisualGasic reload: { "elapsed_us": 9142 }
  GDScript reload:    { "elapsed_us": 2721 }
  VG vs GDScript: 3.360x

=== SyntheticLarge ===
  lines (approx): vg=1805 gd=1576
  VisualGasic reload: { "elapsed_us": 24534 }
  GDScript reload:    { "elapsed_us": 15576 }
  VG vs GDScript: 1.575x

Compile benchmarks finished.
Compile benchmarks finished.
