Running compute benchmarks (demo project)...
Godot Engine v4.6.1.stable.official.14d19694e - https://godotengine.org

[VisualGasic] C++ debug message capture registered (visualgasic + debug)
Warmup...
Running benchmarks...

=== Arithmetic ===
GDScript: { "elapsed_us": 5329, "checksum": 298300000 }
VisualGasic: { "elapsed_us": 83, "checksum": 298300000 }
C++: { "elapsed_us": 60, "checksum": 298300000 }
VisualGasic vs GDScript: 0.01557515481329x
C++ vs GDScript: 0.0112591480578x
Fastest: C++

=== ArraySum ===
GDScript: { "elapsed_us": 4376, "checksum": 99900000 }
VisualGasic: { "elapsed_us": 237, "checksum": 99900000 }
C++: { "elapsed_us": 37, "checksum": 99900000 }
VisualGasic vs GDScript: 0.05415904936015x
C++ vs GDScript: 0.00845521023766x
Fastest: C++

=== StringConcat ===
GDScript: { "elapsed_us": 5146, "checksum": 400 }
VisualGasic: { "elapsed_us": 220, "checksum": 400 }
C++: { "elapsed_us": 527, "checksum": 400 }
VisualGasic vs GDScript: 0.04275165176836x
C++ vs GDScript: 0.10240963855422x
Fastest: VisualGasic

=== Branching ===
GDScript: { "elapsed_us": 7013, "checksum": -100000 }
VisualGasic: { "elapsed_us": 164, "checksum": -100000 }
C++: { "elapsed_us": 62, "checksum": -100000 }
VisualGasic vs GDScript: 0.02338514187937x
C++ vs GDScript: 0.00884072436903x
Fastest: C++

=== FunctionCall ===
GDScript: { "elapsed_us": 5354, "checksum": 50000 }
VisualGasic: { "elapsed_us": 231, "checksum": 50000 }
VisualGasic vs GDScript: 0.04314531191632x
Fastest: VisualGasic

=== ArrayDict ===
GDScript: { "elapsed_us": 11582, "checksum": 49152000 }
VisualGasic: { "elapsed_us": 5506, "checksum": 49152000 }
C++: { "elapsed_us": 3488, "checksum": 49152000 }
VisualGasic vs GDScript: 0.47539285097565x
C++ vs GDScript: 0.30115696770851x
Fastest: C++

=== DictFastGet ===
GDScript: { "elapsed_us": 29631, "checksum": 52326400 }
VisualGasic: { "elapsed_us": 3921, "checksum": 52326400 }
VisualGasic vs GDScript: 0.13232762984712x
Fastest: VisualGasic

=== DictFastSet ===
GDScript: { "elapsed_us": 19166, "checksum": 93184000 }
VisualGasic: { "elapsed_us": 4064, "checksum": 93184000 }
VisualGasic vs GDScript: 0.2120421579881x
Fastest: VisualGasic

=== Interop ===
GDScript: { "elapsed_us": 8261, "checksum": 166200 }
VisualGasic: { "elapsed_us": 361, "checksum": 166200 }
C++: { "elapsed_us": 6869, "checksum": 166200 }
VisualGasic vs GDScript: 0.04369931001089x
C++ vs GDScript: 0.83149739740951x
Fastest: VisualGasic

=== Allocations ===
GDScript: { "elapsed_us": 6753, "checksum": 13440000 }
VisualGasic: { "elapsed_us": 272, "checksum": 13440000 }
C++: { "elapsed_us": 499, "checksum": 13440000 }
VisualGasic vs GDScript: 0.0402783947875x
C++ vs GDScript: 0.07389308455501x
Fastest: VisualGasic

=== AllocationsFast ===
GDScript: { "elapsed_us": 9935, "checksum": 655360 }
VisualGasic: { "elapsed_us": 1930, "checksum": 655360 }
C++: { "elapsed_us": 381, "checksum": 655360 }
VisualGasic vs GDScript: 0.1942627075994x
C++ vs GDScript: 0.03834927025667x
Fastest: C++

=== FileIO ===
GDScript: { "elapsed_us": 1121, "checksum": 2048 }
VisualGasic: { "elapsed_us": 686, "checksum": 2048 }
C++: { "elapsed_us": 419, "checksum": 2048 }
VisualGasic vs GDScript: 0.61195361284567x
C++ vs GDScript: 0.37377341659233x
Fastest: C++
VG_COMPUTE_BENCHMARKS_COMPLETED
Compute benchmarks finished.
