Godot Engine v4.7.2.stable.official.ed1daf0bf - https://godotengine.org

[VisualGasic] C++ debug message capture registered (visualgasic + debug)
ERROR: Cannot open file 'res://.godot/imported/Kenney_Pixel.ttf-6585914c348d414453f288e46d1d6af1.fontdata'.
   at: load (core/io/resource_format_binary.cpp:1156)
ERROR: Failed loading resource: res://.godot/imported/Kenney_Pixel.ttf-6585914c348d414453f288e46d1d6af1.fontdata.
   at: _load (core/io/resource_loader.cpp:317)
ERROR: Failed loading resource: res://assets/fonts/Kenney_Pixel.ttf.
   at: _load (core/io/resource_loader.cpp:317)
ERROR: res://themes/default_theme.tres:77 - Parse Error: [ext_resource] referenced non-existent resource at: res://assets/fonts/Kenney_Pixel.ttf.
   at: _printerr (scene/resources/resource_format_text.cpp:41)
ERROR: res://themes/default_theme.tres:77 - Parse Error: [ext_resource] referenced non-existent resource at: res://assets/fonts/Kenney_Pixel.ttf.
   at: _printerr (scene/resources/resource_format_text.cpp:41)
ERROR: Failed loading resource: res://themes/default_theme.tres.
   at: _load (core/io/resource_loader.cpp:317)
ERROR: Error loading custom project theme 'res://themes/default_theme.tres'
   at: initialize_theme (scene/theme/theme_db.cpp:74)
[VGOdbc] ODBC library loaded successfully
[VGSysTray] Tray icon destroyed
[   0% ] [90m[1mfirst_scan_filesystem[22m | Started Project initialization (5 steps)[39m[0m
[   0% ] [90m[1mfirst_scan_filesystem[22m | Scanning file structure...[39m[0m
[  16% ] [90m[1mfirst_scan_filesystem[22m | Loading global class names...[39m[0m
[  33% ] [90m[1mfirst_scan_filesystem[22m | Verifying GDExtensions...[39m[0m
[  50% ] [90m[1mfirst_scan_filesystem[22m | Creating autoload scripts...[39m[0m
[  66% ] [90m[1mfirst_scan_filesystem[22m | Initializing plugins...[39m[0m
[VG Debugger Plugin] _setup_session(0) session=true
[VG Debugger Plugin] _active_session SET, is_active=false
[VG Debugger Plugin] session.has_signal('stopped')=true
[VG Debugger Plugin] Connected to session.stopped signal
VisualGasic: Toolbox tool_selected signal connected
VisualGasic: Properties Inspector created (will dock in VB6 mode)
VisualGasic: FileSystem Browser created
VisualGasic: Toolbox created (will dock in VB6 mode)
VisualGasic: Alignment toolbar created (will add to 2D bar in VB6 mode)
VisualGasic: Preview toolbar created (will add to 2D bar in VB6 mode)
VisualGasic: Color palette created (will add to 2D bar in VB6 mode)
VisualGasic: Data Tips initialized
VisualGasic: Snippet Browser created
VisualGasic: Theme Picker created
VisualGasic: Profiler Panel created (will embed in IDE)
VisualGasic: Exception Assistant created
VisualGasic: Vibe Code panel created
VisualGasic: Project Explorer created (will dock in VB6 mode)
VisualGasic: Added 'Toggle VG IDE Layout' and 'Toggle Tweak Overlay' to Project > Tools menu
VisualGasic: Theme loaded (44 values, VGThemeManager overlay: yes)
FormDesigner: New form 'Form1'
VisualGasic: Embedded Code Editor created
VisualGasic: Immediate Window embedding deferred
VisualGasic: 3D Scene Editor created
VisualGasic: 2D Scene Editor created
VisualGasic: Sprite Editor created
VisualGasic: Vector Editor created
VisualGasic: Grid Editor created
VisualGasic: Plugin 'Working Nodes' not enabled (enable via Project Settings → vg/plugins/working_nodes)
VisualGasic: Plugin 'Form Designer' is experimental and disabled (set vg/enable_experimental_plugins=true to enable)
VisualGasic: Plugin 'Vector Graphics' not enabled (enable via Project Settings → vg/plugins/vector_graphics)
VisualGasic: Plugin 'GDAI' not enabled (enable via Project Settings → vg/plugins/gdai)
VisualGasic: Plugin 'AGCK' not enabled (enable via Project Settings → vg/plugins/agck)
VisualGasic: Plugin 'VG3D' not enabled (enable via Project Settings → vg/plugins/vg3d)
VisualGasic: Plugin 'Web Publish' not enabled (enable via Project Settings → vg/plugins/web_publish)
VisualGasic: Plugin 'VGSFX' not enabled (enable via Project Settings → vg/plugins/vgsfx)
VisualGasic: Plugin 'VG AI Art' not enabled (enable via Project Settings → vg/plugins/vgaiart)
VisualGasic: Plugin 'UI Forms' is experimental and disabled (set vg/enable_experimental_plugins=true to enable)
VisualGasic: Plugin 'VGMusic' not enabled (enable via Project Settings → vg/plugins/vgmusic)
VisualGasic: Built-in 'Form Designer' entry added to plugin strip
VisualGasic: Plugin Manager loaded 0 plugin(s)
VisualGasic: Plugin Manager initialized
VisualGasic: VB6 IDE layout created — Toolbox | Canvas | Properties
VisualGasic: Loaded 6 custom/optional components (8 enabled, 2 already present)
VisualGasic: Toolbox restyled to TwinBasic list layout (34 icons)
VisualGasic: Initialized. Monitoring nesting & double-click events.
VisualGasic: Added Recent Projects menu
[VG-TIP] _load_tip_config: path=user://vg_tip_config.cfg err=7
[VG-TIP] Config not found, using defaults
[ImmediateWindow] var_tree item_edited signal connected
[  83% ] [90m[1mfirst_scan_filesystem[22m | Starting file scan...[39m[0m
[92m[ DONE ][39m [1mfirst_scan_filesystem[22m
[0m
WARNING: Canceling suspended execution of "_do_deferred_first_capture" due to a script reload.
     at: cancel_pending_functions (modules/gdscript/gdscript.cpp:1497)
WARNING: Canceling suspended execution of "_do_deferred_first_capture" due to a script reload.
     at: cancel_pending_functions (modules/gdscript/gdscript.cpp:1497)
WARNING: Canceling suspended execution of "_do_deferred_first_capture" due to a script reload.
     at: cancel_pending_functions (modules/gdscript/gdscript.cpp:1497)
WARNING: Canceling suspended execution of "_do_deferred_first_capture" due to a script reload.
     at: cancel_pending_functions (modules/gdscript/gdscript.cpp:1497)
WARNING: Canceling suspended execution of "_do_deferred_first_capture" due to a script reload.
     at: cancel_pending_functions (modules/gdscript/gdscript.cpp:1497)
WARNING: Canceling suspended execution of "_do_deferred_first_capture" due to a script reload.
     at: cancel_pending_functions (modules/gdscript/gdscript.cpp:1497)
WARNING: Canceling suspended execution of "_do_deferred_first_capture" due to a script reload.
     at: cancel_pending_functions (modules/gdscript/gdscript.cpp:1497)
