Running compute benchmarks (demo project)...
Godot Engine v4.7.2.stable.official.ed1daf0bf - https://godotengine.org

[VisualGasic] C++ debug message capture registered (visualgasic + debug)
Warmup...
Running benchmarks...

=== Arithmetic ===
GDScript: { "elapsed_us": 4866, "checksum": 298300000 }
VisualGasic: { "elapsed_us": 115, "checksum": 298300000 }
C++: { "elapsed_us": 71, "checksum": 298300000 }
VisualGasic vs GDScript: 0.02363337443485x
C++ vs GDScript: 0.01459103986848x
Fastest: C++

=== ArraySum ===
GDScript: { "elapsed_us": 4013, "checksum": 99900000 }
VisualGasic: { "elapsed_us": 314, "checksum": 99900000 }
C++: { "elapsed_us": 38, "checksum": 99900000 }
VisualGasic vs GDScript: 0.07824570147022x
C++ vs GDScript: 0.00946922501869x
Fastest: C++

=== StringConcat ===
GDScript: { "elapsed_us": 5878, "checksum": 400 }
VisualGasic: { "elapsed_us": 234, "checksum": 400 }
C++: { "elapsed_us": 537, "checksum": 400 }
VisualGasic vs GDScript: 0.03980945899966x
C++ vs GDScript: 0.09135760462742x
Fastest: VisualGasic

=== Branching ===
GDScript: { "elapsed_us": 6149, "checksum": -100000 }
VisualGasic: { "elapsed_us": 217, "checksum": -100000 }
C++: { "elapsed_us": 39, "checksum": -100000 }
VisualGasic vs GDScript: 0.03529029110424x
C++ vs GDScript: 0.00634249471459x
Fastest: C++

=== FunctionCall ===
GDScript: { "elapsed_us": 5883, "checksum": 50000 }
VisualGasic: { "elapsed_us": 439, "checksum": 50000 }
VisualGasic vs GDScript: 0.07462179160292x
Fastest: VisualGasic

=== ArrayDict ===
GDScript: { "elapsed_us": 19316, "checksum": 49152000 }
VisualGasic: { "elapsed_us": 8952, "checksum": 49152000 }
C++: { "elapsed_us": 5869, "checksum": 49152000 }
VisualGasic vs GDScript: 0.46344998964589x
C++ vs GDScript: 0.30384137502589x
Fastest: C++

=== DictFastGet ===
GDScript: { "elapsed_us": 49881, "checksum": 52326400 }
VisualGasic: { "elapsed_us": 5298, "checksum": 52326400 }
VisualGasic vs GDScript: 0.10621278643171x
Fastest: VisualGasic

=== DictFastSet ===
GDScript: { "elapsed_us": 21653, "checksum": 93184000 }
VisualGasic: { "elapsed_us": 3914, "checksum": 93184000 }
VisualGasic vs GDScript: 0.18076017180067x
Fastest: VisualGasic

=== Interop ===
GDScript: { "elapsed_us": 14894, "checksum": 166200 }
VisualGasic: { "elapsed_us": 576, "checksum": 166200 }
C++: { "elapsed_us": 9203, "checksum": 166200 }
VisualGasic vs GDScript: 0.03867329125822x
C++ vs GDScript: 0.61789982543306x
Fastest: VisualGasic

=== Allocations ===
GDScript: { "elapsed_us": 10002, "checksum": 13440000 }
VisualGasic: { "elapsed_us": 492, "checksum": 13440000 }
C++: { "elapsed_us": 834, "checksum": 13440000 }
VisualGasic vs GDScript: 0.04919016196761x
C++ vs GDScript: 0.08338332333533x
Fastest: VisualGasic

=== AllocationsFast ===
GDScript: { "elapsed_us": 15664, "checksum": 655360 }
VisualGasic: { "elapsed_us": 2947, "checksum": 655360 }
C++: { "elapsed_us": 482, "checksum": 655360 }
VisualGasic vs GDScript: 0.18813840653728x
C++ vs GDScript: 0.03077119509704x
Fastest: C++

=== FileIO ===
GDScript: { "elapsed_us": 1605, "checksum": 2048 }
VisualGasic: { "elapsed_us": 1052, "checksum": 2048 }
C++: { "elapsed_us": 732, "checksum": 2048 }
VisualGasic vs GDScript: 0.65545171339564x
C++ vs GDScript: 0.45607476635514x
Fastest: C++
VG_COMPUTE_BENCHMARKS_COMPLETED
Compute benchmarks finished.
