╔══════════════════════════════════════════════════╗
║  VG AST ↔ bytecode differential                  ║
╚══════════════════════════════════════════════════╝
Godot: /home/Commodore/Downloads/Godot_v4.7.2-stable_linux.x86_64
Tests: 1
Out:   /tmp/vg-ast-bc-diff-339764

Smoke OK (default + forced AST)

  OK         test_stress_arrays.vg  (bc=5  ast=5)

══════════════════════════════════════════════════
SUMMARY
  Matched OK:     1
  Matched FAIL:   0
  Mismatches:     0
    AST-only fail:0
    BC-only fail: 0
  No assertions:  0
  Execution fail: 0
  Excluded:       0 (not counted as passing)
  Artifacts:      /tmp/vg-ast-bc-diff-339764

All compared tests agree across bytecode and AST paths.
